CGTN,https://0472.org/hls/cgtn.m3u8
CGTN,http://english-livetx.cgtn.com/hls/yypdyyctzb_hd.m3u8
CGTN俄语,https://0472.org/hls/cgtne.m3u8
CGTN俄语,http://russian-livews.cgtn.com/hls/LSvexABhNipibK5KRuUkvHZ7220802LSTeze9o8tdFXMHsb1VosgoT220802cd.m3u8
CGTN法语,https://0472.org/hls/cgtnf.m3u8
CGTN法语,http://espanol-liveali.cgtn.com/hls/LSveOGBaBw41Ea7ukkVAUdKQ220802LSTexu6xAuFH8VZNBLE1ZNEa220802cd.m3u8
CGTN纪录,https://0472.org/hls/cgtnd.m3u8
CGTN纪录,https://english-livetx.cgtn.com/hls/yypdjlctzb_hd.m3u8
CGTN西语,https://0472.org/hls/cgtnx.m3u8
CGTN阿语,https://0472.org/hls/cgtna.m3u8
熊猫直播,https://gcwbndali.v.myalicdn.com/gcwbnd/ipanda1000_2/index.m3u8
直播中国,https://gcalic.v.myalicdn.com/gc/wgw05_1/index.m3u8?contentid=2820180516001
支持作者,https://vd2.bdstatic.com/mda-sctj0f6r4u1bpebc/1080p/cae_h264/1774706523506678171/mda-sctj0f6r4u1bpebc.mp4
兵团卫视,http://183.11.239.36:808/hls/7/index.m3u8
兵团卫视,http://120.76.248.139/live/bfgd/4200000124.m3u8
兵团卫视,http://218.13.170.98:9901/tsfile/live/0115_1.m3u8
海峡卫视,http://8.138.7.223/tv/hxws.m3u8
海峡卫视,http://38.64.72.148:80/hls/modn/list/4009/chunklist0.m3u8
海峡卫视,http://38.64.72.148:80/hls/modn/list/4009/playlist.m3u8
农林卫视,http://120.76.248.139/live/bfgd/4200000122.m3u8
农林卫视,http://8.138.7.223/【公众号：榴芒电视】/农林卫视.m3u8
农林卫视,http://124.116.183.146:9901/tsfile/live/1004_1.m3u8
农林卫视,http://124.116.183.146:9901/tsfile/live/1004_1.m3u8?key=txiptv&playlive=1&authid=0
东方卫视4K,https://bp-resource-dfl.bestv.cn/148/3/video.m3u8
苏州4K,https://tylive.kan0512.com/norecord/csztv4k_4k.m3u8
龙华电影,https://cdn8.163189.xyz/live/lhdy/stream.m3u8
AMC电影,http://61.221.215.25:8800/hls/43/index.m3u8
CHC电影,http://183.237.95.108:9901/tsfile/live/1008_1.m3u8?key=txiptv&playlive=0&authid=0
三七电影V,https://goodiptv.club/douyu/9457792
五分钟电影汇,https://goodiptv.club/douyu/8443438
人在囧途,https://vip.ffzy-play.com/20221018/1953_2d6ba500/index.m3u8
人在囧途之泰囧,https://vip.ffzy-play.com/20221018/1951_47e1adc8/index.m3u8
人在囧途之港囧,https://vip.ffzy-play7.com/20230112/11082_fde1a94d/index.m3u8
佛曰影视,https://goodiptv.club/douyu/9671758
倩女幽魂人间道,http://jsmov2.a.yximgs.com/bs3/video-hls/5250634317044855747_hlsb.m3u8
倩女幽魂妖魔道,http://jsmov2.a.yximgs.com/bs3/video-hls/5232901391302199073_hlsb.m3u8
倩女幽魂道道道,http://jsmov2.a.yximgs.com/bs3/video-hls/5216294367991385255_hlsb.m3u8
冰冰影剧,http://www.goodiptv.club/douyu/74374
刀刀影院,http://www.goodiptv.club/douyu/747764
刘哔电影,https://goodiptv.club/douyu/2632223
前任电影,https://goodiptv.club/douyu/9329242
华语影视,http://www.goodiptv.club/douyu/3928
古装武侠,http://www.goodiptv.club/douyu/2793084
哈利影视,https://goodiptv.club/douyu/8475821
喜剧电影笑不停,https://goodiptv.club/douyu/10298856
噬元兽影视,https://goodiptv.club/douyu/8896723
四叶草影视,https://goodiptv.club/douyu/9446117
墨逗电影,https://goodiptv.club/douyu/9614847
大米饭影视,https://goodiptv.club/douyu/9824094
大荒电影,https://goodiptv.club/douyu/3508538
奇怪电影,https://goodiptv.club/douyu/9440966
寒战,https://vip.ffzy-play6.com/20221019/157_bf0740ee/index.m3u8
小儛电影嘚啵嘚,https://goodiptv.club/douyu/8362978
影视梗大叔,https://goodiptv.club/douyu/9480648
影视集装箱,https://goodiptv.club/douyu/8651489
怪兽马提尼电影,https://goodiptv.club/douyu/9075333
怪味爆米花电影,https://goodiptv.club/douyu/9422144
我不是药神,https://vip.ffzy-play1.com/20221018/478_c3afed66/index.m3u8
拆弹专家1,https://vip.ffzy-online.com/20221015/719_80ff87c2/index.m3u8
拆弹专家2,https://vip.ffzy-online.com/20221015/722_e32c42bc/index.m3u8
斗鱼港剧,http://www.goodiptv.club/douyu/5061550
无际电影,https://goodiptv.club/douyu/9720498
橙记港剧,http://www.goodiptv.club/douyu/4549169
每日好电影V,https://goodiptv.club/douyu/9533302
洛克电影,https://goodiptv.club/douyu/9414884
涛浪浪电影,https://goodiptv.club/douyu/5424258
热门港剧,http://www.goodiptv.club/douyu/5522351
熊猫电影,https://goodiptv.club/douyu/3506483
爱星影视,https://goodiptv.club/douyu/9476806
特辑电影院,https://goodiptv.club/douyu/3637778
狗毛电影,https://goodiptv.club/douyu/9356637
独立鱼电影,https://goodiptv.club/douyu/2413555
猫眼电影,https://goodiptv.club/douyu/8726221
电影七十二变,https://goodiptv.club/douyu/9323164
电影丧尸片,http://live.metshop.top/huya/21059578?cdn=alicdn
电影先锋V,https://goodiptv.club/douyu/8711212
电影八点档,http://live.metshop.top/huya/880261?cdn=alicdn
电影刘德华,http://live.metshop.top/huya/11342424?cdn=alicdn
电影刘油果,https://goodiptv.club/douyu/3985805
电影功夫片,http://live.metshop.top/huya/11352941?cdn=alicdn
电影动作电影,http://live.metshop.top/huya/11602077?cdn=alicdn
电影嫣然影厅,http://live.metshop.top/huya/11601977?cdn=alicdn
电影幕后喵,https://goodiptv.club/douyu/8884074
电影战争片,http://live.metshop.top/huya/21059574?cdn=alicdn
电影搞笑喜剧,http://live.metshop.top/huya/11342423?cdn=alicdn
电影梁家辉,http://live.metshop.top/huya/11342429?cdn=alicdn
电影犯罪片,http://live.metshop.top/huya/11352974?cdn=alicdn
电影笔记,https://goodiptv.club/douyu/9636034
电影蜘蛛侠,http://live.metshop.top/huya/21059599?cdn=alicdn
电影谍战,http://live.metshop.top/huya/21059585?cdn=alicdn
电影谍战片,http://live.metshop.top/huya/21059587?cdn=alicdn
电影贺岁,http://live.metshop.top/huya/11601971?cdn=alicdn
电影迷小雅,https://goodiptv.club/douyu/9639225
电影高分动作,http://live.metshop.top/huya/11352884?cdn=alicdn
粤语电影丶,https://goodiptv.club/douyu/1226741
经典剧集,http://www.goodiptv.club/douyu/6863367
美亚电影,https://live.tvfix.org/live/mydy/index.m3u8
美亚电影,http://zjrtv.vip/live/?tbs=mydy
老电影故事,https://goodiptv.club/douyu/9167273
莱纳电影,https://goodiptv.club/douyu/9356937
让子弹飞,https://vip.ffzy-play7.com/20230116/11563_b9f44814/index.m3u8
豆瓣电影,https://live.tvfix.org/live/cmc/index.m3u8
贝爷求生,http://www.goodiptv.club/douyu/9661369
邵氏影院,http://www.goodiptv.club/douyu/4246519
野格影视,https://goodiptv.club/douyu/9931766
铁血影视汇,https://goodiptv.club/douyu/9649701
阿苏电影,https://goodiptv.club/douyu/9037784
韩国电影1,https://stream.ads.ottera.tv/playlist.m3u8?network_id=595
韩国电影2,https://stream.ads.ottera.tv/playlist.m3u8?network_id=743
龙哥盘电影,https://goodiptv.club/douyu/9736161
龙门飞甲,http://jsmov2.a.yximgs.com/bs3/video-hls/5203346449046555193_hlsb.m3u8
纪实科教8K,http://111.31.106.140/downflv.brtvcloud.com/8klive/8kliveok.m3u8
南国都市,https://tencentplay.gztv.com/live/nanguodushi.m3u8?txSecret=550af55c0ea34ce492748481415b6dfa&txTime=1903e7b17de
新视觉,http://120.76.248.139/live/bfgd/4200000249.m3u8
纪实科教,http://120.76.248.139/live/bfgd/4200000113.m3u8
广东少儿,http://gmxw.7766.org:808/hls/175/index.m3u8
动画大师姐,https://goodiptv.club/douyu/9742136
动画魂,https://goodiptv.club/douyu/9393242
韩国EBS少儿,http://ebsonairios.ebs.co.kr/ebsutablet500k/tablet500k/playlist.m3u8
11No巴蒂11,https://goodiptv.club/douyu/9455937
1900影剧室,https://goodiptv.club/douyu/7796193
3030相声小品,https://goodiptv.club/douyu/9286868
3秒爱上学习V,https://goodiptv.club/douyu/9541736
5毒士,https://goodiptv.club/douyu/9406600
9iota,https://goodiptv.club/douyu/8881729
Angela小兔,https://goodiptv.club/douyu/9617766
BetterMan北北,https://goodiptv.club/douyu/8507023
Biu餐厅主管,https://goodiptv.club/douyu/7921708
BobMarley1234,https://goodiptv.club/douyu/10871570
BuriedAlien的号,https://goodiptv.club/douyu/9440728
CF柒年,https://goodiptv.club/douyu/9087887
Carolyn93584,https://goodiptv.club/douyu/12536209
CmoStar,https://goodiptv.club/douyu/10282256
Co视文化,https://goodiptv.club/douyu/1060418
C座802,https://goodiptv.club/douyu/8768943
Ethan清醒思考,https://goodiptv.club/douyu/9481151
FGO丶Master1,https://goodiptv.club/douyu/9477851
Hi欣欣,https://goodiptv.club/douyu/11996166
JhZj丶天明,https://goodiptv.club/douyu/1006179
KBShinya,https://goodiptv.club/douyu/8970851
KyoKyo不是QQ,https://goodiptv.club/douyu/4732337
LOUIS樱,https://goodiptv.club/douyu/9235284
MK青凌,https://goodiptv.club/douyu/9488836
MordonFreeman是谁,https://goodiptv.club/douyu/9524579
Nino学长,https://goodiptv.club/douyu/9525473
OE档案,https://goodiptv.club/douyu/6725858
Only丶邵氏,https://goodiptv.club/douyu/4246519
OooOlivia奥莉蕉,https://goodiptv.club/douyu/9678862
PhantomStrider,https://goodiptv.club/douyu/9683911
Poison丶冰冰,https://goodiptv.club/douyu/74374
Psyman塞门,https://goodiptv.club/douyu/9753585
SKYE魏,https://goodiptv.club/douyu/9460834
TFBOYS饭团,https://goodiptv.club/douyu/9565765
TUOK肖恩,https://goodiptv.club/douyu/9392433
UP主DJC,https://goodiptv.club/douyu/9429545
W总动员,https://goodiptv.club/douyu/9480767
YIKa777,https://goodiptv.club/douyu/8868213
a5dmin,https://goodiptv.club/douyu/1102973
baby丶贝贝,https://goodiptv.club/douyu/431460
dw151295068,https://goodiptv.club/douyu/12655359
dy荒野建造,https://goodiptv.club/douyu/10039437
epcdiy,https://goodiptv.club/douyu/8759268
gslaini,https://goodiptv.club/douyu/6997954
illit礼,https://goodiptv.club/douyu/12065549
py86阿,https://goodiptv.club/douyu/8849954
sekai的光子,https://goodiptv.club/douyu/9564766
shhher,https://goodiptv.club/douyu/8733680
sweet夏有甜,https://goodiptv.club/douyu/4808115
tortoise48,https://goodiptv.club/douyu/7905619
xiaoxiao1004,https://goodiptv.club/douyu/2569874
一个机智张张,https://goodiptv.club/douyu/9653063
一只兔叽呀丶,https://goodiptv.club/douyu/7266829
一把钢刀镇斗虞,https://goodiptv.club/douyu/7356023
一条正弦sin,https://goodiptv.club/douyu/9497985
一条闲木鱼,https://goodiptv.club/douyu/10102281
一生titus,https://goodiptv.club/douyu/12065569
一目十影,https://goodiptv.club/douyu/3643605
一颗咕咕星,https://goodiptv.club/douyu/9388557
万合鲜肉老师,https://goodiptv.club/douyu/9815091
三个老爸实验室,https://goodiptv.club/douyu/9090487
三代鹿人v,https://goodiptv.club/douyu/9629717
三国颜老师,https://goodiptv.club/douyu/12253936
上来先丢大v,https://goodiptv.club/douyu/9566154
不二真探,https://goodiptv.club/douyu/10319545
不会骑马的健身少年,https://goodiptv.club/douyu/8862198
不思异剧场,https://goodiptv.club/douyu/9297412
世界未解之谜M,https://goodiptv.club/douyu/9369468
世界纪录大全,https://goodiptv.club/douyu/9406359
丛林工程师,https://goodiptv.club/douyu/9804149
中二的枫哲酱,https://goodiptv.club/douyu/9541849
丶最紧要好玩,https://goodiptv.club/douyu/6361974
久远丶酱,https://goodiptv.club/douyu/9046649
乌拉吖有剧,https://goodiptv.club/douyu/10075154
乐儿丶Ler,https://goodiptv.club/douyu/8221699
九仙人儿,https://goodiptv.club/douyu/8669085
九冢嵬,https://goodiptv.club/douyu/9393501
乡村水龙,https://goodiptv.club/douyu/9486905
乡间大路上,https://goodiptv.club/douyu/9850661
书岳钓鱼,https://goodiptv.club/douyu/10100206
二次元fans鹿鹿,https://goodiptv.club/douyu/8661526
云襄白羽,https://goodiptv.club/douyu/10508677
京城笑工坊,https://goodiptv.club/douyu/10329324
亮亮也是酿酿,https://goodiptv.club/douyu/4340136
人类早期驯服,https://goodiptv.club/douyu/8892864
你顶亲亲的前女友,https://goodiptv.club/douyu/8896746
倓张TanZ,https://goodiptv.club/douyu/9687221
傲娇的超级赛亚人,https://goodiptv.club/douyu/4373285
关云猖,https://goodiptv.club/douyu/8820996
养狗的一浩,https://goodiptv.club/douyu/9478842
内蒙古欢乐驿站,https://goodiptv.club/douyu/9365077
农氏野钓,https://goodiptv.club/douyu/10103361
冬熊零食铺,https://goodiptv.club/douyu/10586105
冷孝洪,https://goodiptv.club/douyu/9527761
几号房间,https://goodiptv.club/douyu/8829425
凤起青云,https://goodiptv.club/douyu/749124
刀刀de食堂,https://goodiptv.club/douyu/6733133
分享备用,https://goodiptv.club/douyu/5804577
刘也变z,https://goodiptv.club/douyu/9489079
刚起步汤姆,https://goodiptv.club/douyu/12827580
利利川,https://goodiptv.club/douyu/9329249
别闹了美越,https://goodiptv.club/douyu/9548244
到远方旅行,https://goodiptv.club/douyu/9614588
制造show,https://goodiptv.club/douyu/9550226
剧燃有趣,https://goodiptv.club/douyu/10329702
剧透大爆炸,https://goodiptv.club/douyu/1739752
动漫推荐i,https://goodiptv.club/douyu/5187099
动物启示录,https://goodiptv.club/douyu/9443129
助眠师海宝宝,https://goodiptv.club/douyu/1103328
励志少年派,https://goodiptv.club/douyu/8700367
勇敢的荒野人,https://goodiptv.club/douyu/9618038
千代语默,https://goodiptv.club/douyu/9484187
半打星冰乐,https://goodiptv.club/douyu/7481383
半藏同学,https://goodiptv.club/douyu/9372627
华白雨,https://goodiptv.club/douyu/9495454
单纯的顺才少爷,https://goodiptv.club/douyu/10084875
南国小豆豆,https://goodiptv.club/douyu/3310454
卡皮君本人,https://goodiptv.club/douyu/9050486
卿离倾心,https://goodiptv.club/douyu/7286439
历史经典烩,https://goodiptv.club/douyu/9487003
台球帝,https://goodiptv.club/douyu/10078171
叶墨的百妖馆,https://goodiptv.club/douyu/9517351
吃草莓的果子狸V,https://goodiptv.club/douyu/9382395
吃鸡小表弟,https://goodiptv.club/douyu/9370197
同行渔猎笔记,https://goodiptv.club/douyu/2718202
名人物语DY,https://goodiptv.club/douyu/9539063
名曰老饕,https://goodiptv.club/douyu/1732550
吟游诗人基德,https://goodiptv.club/douyu/9337049
吸奇侠,https://goodiptv.club/douyu/8986636
吾恩5nn,https://goodiptv.club/douyu/9631914
周六野Zoey,https://goodiptv.club/douyu/8912150
周星驰的直播间,https://goodiptv.club/douyu/8257039
周杰伦颜老师,https://goodiptv.club/douyu/7537296
周队长captain,https://goodiptv.club/douyu/9023539
和猫住丶,https://goodiptv.club/douyu/850030
咸车,https://goodiptv.club/douyu/9498554
咸鱼翻身是另一面咸鱼,https://goodiptv.club/douyu/527076
哇萨比抓马WD,https://goodiptv.club/douyu/8808506
哲忆丶,https://goodiptv.club/douyu/8977251
唐人探影,https://goodiptv.club/douyu/10371561
喝水少年孙十一,https://goodiptv.club/douyu/9619048
喵喵喵的猫酱酱,https://goodiptv.club/douyu/11179077
喵招诗雨,https://goodiptv.club/douyu/9651121
嘴巴鼻子没有沟,https://goodiptv.club/douyu/10217984
国际吸猫协会,https://goodiptv.club/douyu/8657834
圈踢动漫,https://goodiptv.club/douyu/1952680
在下小苏Su,https://goodiptv.club/douyu/8658051
培根悖论唠唠嗑,https://goodiptv.club/douyu/5354713
堇姑娘,https://goodiptv.club/douyu/297689
壹丨哥,https://goodiptv.club/douyu/5692901
夏利俊EWE路亚,https://goodiptv.club/douyu/9974427
夏夜柚子树,https://goodiptv.club/douyu/9606419
夏日幻听MCE,https://goodiptv.club/douyu/9546437
夙瑶瑾,https://goodiptv.club/douyu/9450568
多多其木格,https://goodiptv.club/douyu/9075374
大力学姐,https://goodiptv.club/douyu/8784719
大坑侦探社,https://goodiptv.club/douyu/9440339
大庆在农村,https://goodiptv.club/douyu/9477316
大河庄一世繁华,https://goodiptv.club/douyu/9501548
大熊观影,https://goodiptv.club/douyu/8851140
大狼狗刨祖坟,https://goodiptv.club/douyu/10217975
大笑影院,https://goodiptv.club/douyu/10329300
大胡子魏,https://goodiptv.club/douyu/8792763
大蓝雀,https://goodiptv.club/douyu/8656759
大雪压晴松,https://goodiptv.club/douyu/12618544
天JIANG,https://goodiptv.club/douyu/9455480
天才大熊猫啊,https://goodiptv.club/douyu/10646699
天才简史,https://goodiptv.club/douyu/8662915
奇光主播e,https://goodiptv.club/douyu/11849873
奇光主播q,https://goodiptv.club/douyu/12560807
奇兮兮悄陌,https://goodiptv.club/douyu/953193
奇妙博物馆,https://goodiptv.club/douyu/9409723
奇趣研究,https://goodiptv.club/douyu/8661456
奥雷卡尔克斯,https://goodiptv.club/douyu/1224356
女团社颜老师,https://goodiptv.club/douyu/11327316
妈见打ovo,https://goodiptv.club/douyu/9413151
娱乐扒叔,https://goodiptv.club/douyu/9624581
婧公子,https://goodiptv.club/douyu/9464182
孙毛毛Suny,https://goodiptv.club/douyu/9424103
学徒郭昱麟,https://goodiptv.club/douyu/8871095
宇宙探索飞船,https://goodiptv.club/douyu/9456028
宇宙无敌韩三金,https://goodiptv.club/douyu/3194372
安安601801,https://goodiptv.club/douyu/11283504
宋小宝小品,https://goodiptv.club/douyu/9817729
尉迟杰影评,https://goodiptv.club/douyu/8850682
小三笠笠酱,https://goodiptv.club/douyu/9188696
小太V,https://goodiptv.club/douyu/9606954
小姐姐Bie跑哦,https://goodiptv.club/douyu/8666258
小小天才搞笑视频,https://goodiptv.club/douyu/9419678
小小甜的骑士,https://goodiptv.club/douyu/9236042
小小鹿老师,https://goodiptv.club/douyu/9442889
小手枪Newhandgun,https://goodiptv.club/douyu/8943060
小明不背锅up,https://goodiptv.club/douyu/117854
小毅主播e,https://goodiptv.club/douyu/11851549
小猪优版剧院,https://goodiptv.club/douyu/10297898
小猪搞笑精选,https://goodiptv.club/douyu/10329752
小约翰可汗,https://goodiptv.club/douyu/9738854
小羊放映室,https://goodiptv.club/douyu/9433806
小艾大叔,https://goodiptv.club/douyu/9314668
小铁房乐队,https://goodiptv.club/douyu/9624976
小雪宝cr,https://goodiptv.club/douyu/920389
小青放映社,https://goodiptv.club/douyu/9314689
小馒头叫包几,https://goodiptv.club/douyu/9028721
小鸭子老师,https://goodiptv.club/douyu/9627625
小鹏漫剪,https://goodiptv.club/douyu/9476810
小黑豹子啊,https://goodiptv.club/douyu/9458184
尚大人OwO,https://goodiptv.club/douyu/9656124
尽整没用D,https://goodiptv.club/douyu/8791622
屁屁鸭家族LOVE,https://goodiptv.club/douyu/9461930
屿风体育,https://goodiptv.club/douyu/10329889
岚FLL,https://goodiptv.club/douyu/9409703
崔杋圭五颜一,https://goodiptv.club/douyu/8189873
巅峰球迷会,https://goodiptv.club/douyu/10417360
巫妖王丶怀旧电视游戏,https://goodiptv.club/douyu/1023277
师落,https://goodiptv.club/douyu/6911044
开心锤锤动漫,https://goodiptv.club/douyu/9018297
开心麻花经典小品,https://goodiptv.club/douyu/10153463
开箱嘤嘤怪,https://goodiptv.club/douyu/10319056
开车大神,https://goodiptv.club/douyu/9759970
张小莹要独立,https://goodiptv.club/douyu/9647285
当铁手团遇到光复社,https://goodiptv.club/douyu/5875025
影子叔V,https://goodiptv.club/douyu/9446338
彼岸心属MADEIN伊藤美优,https://goodiptv.club/douyu/40471
往事vs随风1,https://goodiptv.club/douyu/3113309
忆暄Ethan,https://goodiptv.club/douyu/9570042
快乐的小波子,https://goodiptv.club/douyu/9039399
怠惰守夜,https://goodiptv.club/douyu/8842108
恰饭橘,https://goodiptv.club/douyu/7974136
悉奇,https://goodiptv.club/douyu/9401473
情感测试小分队,https://goodiptv.club/douyu/9697688
懂懂1234,https://goodiptv.club/douyu/8729614
戏晶SHOW,https://goodiptv.club/douyu/9565130
成都和音屋雀庄,https://goodiptv.club/douyu/6329110
我为奥迪上黄金,https://goodiptv.club/douyu/9336286
我们可爱的程程,https://goodiptv.club/douyu/329667
我叫孙火旺,https://goodiptv.club/douyu/9770949
我叫萌迪迪V,https://goodiptv.club/douyu/5354705
我是YOLO啊,https://goodiptv.club/douyu/5077166
我是一只西瓜啊,https://goodiptv.club/douyu/9065082
我是瓜皮儿本人a,https://goodiptv.club/douyu/9665696
我的超能力女友,https://goodiptv.club/douyu/9501159
我砸晕了牛顿奥,https://goodiptv.club/douyu/1218414
戒喵中心,https://goodiptv.club/douyu/8658212
戴萌兔,https://goodiptv.club/douyu/9522315
户外老曹,https://goodiptv.club/douyu/9957389
扒圈圈V,https://goodiptv.club/douyu/9649913
打工战士SWEET,https://goodiptv.club/douyu/8795660
托尔兹桃花剑,https://goodiptv.club/douyu/8896743
招财猫猫丶,https://goodiptv.club/douyu/11512742
掌上Club,https://goodiptv.club/douyu/1770806
探奇录,https://goodiptv.club/douyu/9746763
探秘者大正,https://goodiptv.club/douyu/9330485
搞笑动漫大本营,https://goodiptv.club/douyu/9650181
搞笑天堂岛,https://goodiptv.club/douyu/6916081
搞笑院长,https://goodiptv.club/douyu/8829915
政宗君de情敌,https://goodiptv.club/douyu/9624330
敢来碰我,https://goodiptv.club/douyu/10308225
敬汉卿250,https://goodiptv.club/douyu/2912165
数据库saber,https://goodiptv.club/douyu/9720506
文侠灬杨杨,https://goodiptv.club/douyu/10317257
文曰小强,https://goodiptv.club/douyu/2680501
文西与阿漆,https://goodiptv.club/douyu/8737695
旧梦随人心,https://goodiptv.club/douyu/692533
旺仔大哥哥阿,https://goodiptv.club/douyu/9629361
昆特牌之大哥食正野,https://goodiptv.club/douyu/7919720
星空茶茶,https://goodiptv.club/douyu/8635497
是chshh,https://goodiptv.club/douyu/9570579
是个小可爱iiii,https://goodiptv.club/douyu/9650782
是你的迷弟吖,https://goodiptv.club/douyu/7039598
是小x同学呀,https://goodiptv.club/douyu/9415020
是忆昔啊,https://goodiptv.club/douyu/9455518
是真的林虎LinHu,https://goodiptv.club/douyu/9540113
是纯洁上校,https://goodiptv.club/douyu/9666042
是脑洞君君君,https://goodiptv.club/douyu/9360149
智仗心,https://goodiptv.club/douyu/5635000
暮肆Mousse,https://goodiptv.club/douyu/9634199
暴走兄弟v,https://goodiptv.club/douyu/9350960
暴走漫画,https://goodiptv.club/douyu/1275878
暴躁少女零九,https://goodiptv.club/douyu/9065302
曲政宇conan,https://goodiptv.club/douyu/9590892
月影Yueing212,https://goodiptv.club/douyu/8885525
朔涵君,https://goodiptv.club/douyu/9354201
朱一旦的枯燥生活v,https://goodiptv.club/douyu/7907979
李会长街溜子,https://goodiptv.club/douyu/9741805
李允儿er的助眠小窝,https://goodiptv.club/douyu/9038894
李李李蚊香,https://goodiptv.club/douyu/4786399
